// Jest Snapshot v1, https://goo.gl/fbAQLP

exports[`lib > CodeSample > useLogic renders 1`] = `
{
  "count": 0,
  "incrementCount": [Function],
}
`;
